Nuitka-Options: Used command line options: /work/selfc4/main.py --standalone --static-libpython=yes --disable-ccache --lto=no --no-progressbar --jobs=1 --output-dir=/work/selfc4/out --include-package=nuitka --nofollow-import-to=nuitka.build.inline_copy,nuitka.tools.testing,nuitka.tools.podman,nuitka.tools.watch,nuitka.tools.profiler,nuitka.tools.specialize,nuitka.tools.commercial
Nuitka-Options:WARNING: Standalone mode on wasi is not known to be supported, might fail to work.
Nuitka:WARNING: Using very slow fallback for ordered sets, please install 'ordered-set' PyPI package for best Python compile time performance.
Nuitka: Starting Python compilation with Nuitka '2.6.3' on Python '3.11' commercial grade 'not installed'.
Nuitka-Inclusion:WARNING: Not allowed to include module 'nuitka.build.inline_copy' due to 'Module is exact match of 'nuitka.build.inline_copy' instructed by user to not follow to.'.
Nuitka-Inclusion:WARNING: Not allowed to include module 'nuitka.tools.commercial' due to 'Module is exact match of 'nuitka.tools.commercial' instructed by user to not follow to.'.
Nuitka-Inclusion:WARNING: Not allowed to include module 'nuitka.tools.podman' due to 'Module is exact match of 'nuitka.tools.podman' instructed by user to not follow to.'.
Nuitka-Inclusion:WARNING: Not allowed to include module 'nuitka.tools.profiler' due to 'Module is exact match of 'nuitka.tools.profiler' instructed by user to not follow to.'.
Nuitka-Inclusion:WARNING: Not allowed to include module 'nuitka.tools.specialize' due to 'Module is exact match of 'nuitka.tools.specialize' instructed by user to not follow to.'.
Nuitka-Inclusion:WARNING: Not allowed to include module 'nuitka.tools.testing' due to 'Module is exact match of 'nuitka.tools.testing' instructed by user to not follow to.'.
Nuitka-Inclusion:WARNING: Not allowed to include module 'nuitka.tools.watch' due to 'Module is exact match of 'nuitka.tools.watch' instructed by user to not follow to.'.
Nuitka: Completed Python level compilation and optimization.
Nuitka: Generating source code for C backend compiler.
Nuitka: Running data composer tool for optimal constant value handling.
Nuitka: Running C compilation via Scons.
Nuitka-Scons: Backend C compiler: /toolchain/bin/clang (clang 21.1.4).
Nuitka: Keeping build directory '/work/selfc4/out/main.build'.
Nuitka: Successfully created '/work/selfc4/out/main.dist/main.bin'.
prefetch ms 347
compile __constants.o 3084ms exit 0 
compile __constants_data.o 17976ms exit 0 
compile __helpers.o 2981ms exit 0 
compile __loader.o 2871ms exit 0 
compile module.__main__.o 3459ms exit 0 
compile module.__parents_main__.o 2767ms exit 0 
compile module.multiprocessing-postLoad.o 2651ms exit 0 
compile module.multiprocessing-preLoad.o 2685ms exit 0 
compile module.nuitka.Builtins.o 3535ms exit 0 
compile module.nuitka.BytecodeCaching.o 3110ms exit 0 
compile module.nuitka.Bytecodes.o 2913ms exit 0 
compile module.nuitka.CacheCleanup.o 2621ms exit 0 
compile module.nuitka.Constants.o 3769ms exit 0 
compile module.nuitka.Errors.o 3064ms exit 0 
compile module.nuitka.HardImportRegistry.o 3411ms exit 0 
compile module.nuitka.MainControl.o 7152ms exit 0 
compile module.nuitka.ModuleRegistry.o 3869ms exit 0 
compile module.nuitka.OptionParsing.o 5950ms exit 0 
compile module.nuitka.Options.o 20533ms exit 0 
compile module.nuitka.OutputDirectories.o 2993ms exit 0 
compile module.nuitka.PostProcessing.o 4232ms exit 0 
compile module.nuitka.Progress.o 3416ms exit 0 
compile module.nuitka.PythonFlavors.o 3563ms exit 0 
compile module.nuitka.PythonOperators.o 2847ms exit 0 
compile module.nuitka.PythonVersions.o 3983ms exit 0 
compile module.nuitka.Serialization.o 3916ms exit 0 
compile module.nuitka.SourceCodeReferences.o 3097ms exit 0 
compile module.nuitka.Tracing.o 4235ms exit 0 
compile module.nuitka.TreeXML.o 2978ms exit 0 
compile module.nuitka.Variables.o 5566ms exit 0 
compile module.nuitka.Version.o 2761ms exit 0 
compile module.nuitka.__main__.o 2958ms exit 0 
compile module.nuitka.__past__.o 3000ms exit 0 
compile module.nuitka.build.DataComposerInterface.o 2842ms exit 0 
compile module.nuitka.build.SconsCaching.o 3735ms exit 0 
compile module.nuitka.build.SconsCompilerSettings.o 5241ms exit 0 
compile module.nuitka.build.SconsHacks.o 3067ms exit 0 
compile module.nuitka.build.SconsInterface.o 4731ms exit 0 
compile module.nuitka.build.SconsProgress.o 2781ms exit 0 
compile module.nuitka.build.SconsSpawn.o 4410ms exit 0 
compile module.nuitka.build.SconsUtils.o 6191ms exit 0 
compile module.nuitka.build.o 2560ms exit 0 
compile module.nuitka.o 2645ms exit 0 
compile module.nuitka.code_generation.AsyncgenCodes.o 2991ms exit 0 
compile module.nuitka.code_generation.AttributeCodes.o 3425ms exit 0 
compile module.nuitka.code_generation.BinaryOperationHelperDefinitions.o 5208ms exit 0 
compile module.nuitka.code_generation.BranchCodes.o 2720ms exit 0 
compile module.nuitka.code_generation.BuiltinCodes.o 4217ms exit 0 
compile module.nuitka.code_generation.CallCodes.o 5595ms exit 0 
compile module.nuitka.code_generation.ClassCodes.o 3102ms exit 0 
compile module.nuitka.code_generation.CodeGeneration.o 5816ms exit 0 
compile module.nuitka.code_generation.CodeHelperSelection.o 2675ms exit 0 
compile module.nuitka.code_generation.CodeHelpers.o 4372ms exit 0 
compile module.nuitka.code_generation.CodeObjectCodes.o 3042ms exit 0 
compile module.nuitka.code_generation.ComparisonCodes.o 3552ms exit 0 
compile module.nuitka.code_generation.ComparisonHelperDefinitions.o 3038ms exit 0 
compile module.nuitka.code_generation.ConditionalCodes.o 2974ms exit 0 
compile module.nuitka.code_generation.ConstantCodes.o 3094ms exit 0 
compile module.nuitka.code_generation.Contexts.o 11392ms exit 0 
compile module.nuitka.code_generation.CoroutineCodes.o 3179ms exit 0 
compile module.nuitka.code_generation.CtypesCodes.o 2663ms exit 0 
compile module.nuitka.code_generation.DictCodes.o 5589ms exit 0 
compile module.nuitka.code_generation.Emission.o 2907ms exit 0 
compile module.nuitka.code_generation.ErrorCodes.o 3351ms exit 0 
compile module.nuitka.code_generation.EvalCodes.o 3500ms exit 0 
compile module.nuitka.code_generation.ExceptionCodes.o 3214ms exit 0 
compile module.nuitka.code_generation.ExpressionCTypeSelectionHelpers.o 2829ms exit 0 
compile module.nuitka.code_generation.ExpressionCodes.o 2639ms exit 0 
compile module.nuitka.code_generation.FrameCodes.o 3459ms exit 0 
compile module.nuitka.code_generation.FunctionCodes.o 5298ms exit 0 
compile module.nuitka.code_generation.GeneratorCodes.o 2956ms exit 0 
compile module.nuitka.code_generation.GlobalConstants.o 3023ms exit 0 
compile module.nuitka.code_generation.GlobalsLocalsCodes.o 3206ms exit 0 
compile module.nuitka.code_generation.IdCodes.o 2560ms exit 0 
compile module.nuitka.code_generation.ImportCodes.o 3750ms exit 0 
compile module.nuitka.code_generation.Indentation.o 2785ms exit 0 
compile module.nuitka.code_generation.IndexCodes.o 2703ms exit 0 
compile module.nuitka.code_generation.InjectCCodes.o 2627ms exit 0 
compile module.nuitka.code_generation.IntegerCodes.o 2899ms exit 0 
compile module.nuitka.code_generation.IteratorCodes.o 3405ms exit 0 
compile module.nuitka.code_generation.LabelCodes.o 2665ms exit 0 
compile module.nuitka.code_generation.LineNumberCodes.o 2732ms exit 0 
compile module.nuitka.code_generation.ListCodes.o 4214ms exit 0 
compile module.nuitka.code_generation.LoaderCodes.o 3060ms exit 0 
compile module.nuitka.code_generation.LocalsDictCodes.o 3091ms exit 0 
compile module.nuitka.code_generation.LoopCodes.o 2678ms exit 0 
compile module.nuitka.code_generation.MatchCodes.o 2714ms exit 0 
compile module.nuitka.code_generation.ModuleCodes.o 3226ms exit 0 
compile module.nuitka.code_generation.Namify.o 3159ms exit 0 
compile module.nuitka.code_generation.OperationCodes.o 3370ms exit 0 
compile module.nuitka.code_generation.PackageResourceCodes.o 5494ms exit 0 
compile module.nuitka.code_generation.PrintCodes.o 2687ms exit 0 
compile module.nuitka.code_generation.PythonAPICodes.o 3147ms exit 0 
compile module.nuitka.code_generation.RaisingCodes.o 3500ms exit 0 
compile module.nuitka.code_generation.Reports.o 3125ms exit 0 
compile module.nuitka.code_generation.ReturnCodes.o 2839ms exit 0 
compile module.nuitka.code_generation.SetCodes.o 3246ms exit 0 
compile module.nuitka.code_generation.SliceCodes.o 3825ms exit 0 
compile module.nuitka.code_generation.StringCodes.o 3215ms exit 0 
compile module.nuitka.code_generation.SubscriptCodes.o 3265ms exit 0 
compile module.nuitka.code_generation.TryCodes.o 3251ms exit 0 
compile module.nuitka.code_generation.TupleCodes.o 3040ms exit 0 
compile module.nuitka.code_generation.VariableCodes.o 3452ms exit 0 
compile module.nuitka.code_generation.VariableDeclarations.o 3617ms exit 0 
compile module.nuitka.code_generation.YieldCodes.o 3256ms exit 0 
compile module.nuitka.code_generation.o 2572ms exit 0 
compile module.nuitka.code_generation.c_types.CTypeBases.o 3207ms exit 0 
compile module.nuitka.code_generation.c_types.CTypeBooleans.o 2977ms exit 0 
compile module.nuitka.code_generation.c_types.CTypeCFloats.o 2738ms exit 0 
compile module.nuitka.code_generation.c_types.CTypeCLongs.o 2770ms exit 0 
compile module.nuitka.code_generation.c_types.CTypeModuleDictVariables.o 2748ms exit 0 
compile module.nuitka.code_generation.c_types.CTypeNuitkaBooleans.o 3103ms exit 0 
compile module.nuitka.code_generation.c_types.CTypeNuitkaInts.o 3029ms exit 0 
compile module.nuitka.code_generation.c_types.CTypeNuitkaVoids.o 2964ms exit 0 
compile module.nuitka.code_generation.c_types.CTypePyObjectPointers.o 5203ms exit 0 
compile module.nuitka.code_generation.c_types.CTypeVoids.o 2830ms exit 0 
compile module.nuitka.code_generation.c_types.o 2588ms exit 0 
compile module.nuitka.code_generation.templates.CodeTemplatesAsyncgens.o 2658ms exit 0 
compile module.nuitka.code_generation.templates.CodeTemplatesConstants.o 2515ms exit 0 
compile module.nuitka.code_generation.templates.CodeTemplatesCoroutines.o 2599ms exit 0 
compile module.nuitka.code_generation.templates.CodeTemplatesExceptions.o 2570ms exit 0 
compile module.nuitka.code_generation.templates.CodeTemplatesFrames.o 2610ms exit 0 
compile module.nuitka.code_generation.templates.CodeTemplatesFunction.o 2586ms exit 0 
compile module.nuitka.code_generation.templates.CodeTemplatesGeneratorFunction.o 2581ms exit 0 
compile module.nuitka.code_generation.templates.CodeTemplatesIterators.o 2573ms exit 0 
compile module.nuitka.code_generation.templates.CodeTemplatesLoader.o 2623ms exit 0 
compile module.nuitka.code_generation.templates.CodeTemplatesModules.o 2596ms exit 0 
compile module.nuitka.code_generation.templates.CodeTemplatesVariables.o 2646ms exit 0 
compile module.nuitka.code_generation.templates.TemplateDebugWrapper.o 2925ms exit 0 
compile module.nuitka.code_generation.templates.o 2577ms exit 0 
compile module.nuitka.containers.Namedtuples.o 2779ms exit 0 
compile module.nuitka.containers.OrderedDicts.o 3737ms exit 0 
compile module.nuitka.containers.OrderedSets.o 2765ms exit 0 
compile module.nuitka.containers.OrderedSetsFallback.o 3219ms exit 0 
compile module.nuitka.containers.o 2570ms exit 0 
compile module.nuitka.distutils.Build.o 2829ms exit 0 
compile module.nuitka.distutils.DistutilCommands.o 5276ms exit 0 
compile module.nuitka.distutils.o 2634ms exit 0 
compile module.nuitka.finalizations.Finalization.o 2687ms exit 0 
compile module.nuitka.finalizations.FinalizeMarkups.o 2944ms exit 0 
compile module.nuitka.finalizations.o 2612ms exit 0 
compile module.nuitka.freezer.DependsExe.o 3227ms exit 0 
compile module.nuitka.freezer.DllDependenciesCommon.o 2753ms exit 0 
compile module.nuitka.freezer.DllDependenciesMacOS.o 4075ms exit 0 
compile module.nuitka.freezer.DllDependenciesPosix.o 3141ms exit 0 
compile module.nuitka.freezer.DllDependenciesWin32.o 3203ms exit 0 
compile module.nuitka.freezer.ImportDetection.o 3700ms exit 0 
compile module.nuitka.freezer.IncludedDataFiles.o 5392ms exit 0 
compile module.nuitka.freezer.IncludedEntryPoints.o 3434ms exit 0 
compile module.nuitka.freezer.Onefile.o 3219ms exit 0 
compile module.nuitka.freezer.Standalone.o 3665ms exit 0 
compile module.nuitka.freezer.o 2674ms exit 0 
compile module.nuitka.importing.IgnoreListing.o 2580ms exit 0 
compile module.nuitka.importing.ImportCache.o 2967ms exit 0 
compile module.nuitka.importing.ImportResolving.o 2763ms exit 0 
compile module.nuitka.importing.Importing.o 5807ms exit 0 
compile module.nuitka.importing.PreloadedPackages.o 3371ms exit 0 
compile module.nuitka.importing.Recursion.o 4360ms exit 0 
compile module.nuitka.importing.StandardLibrary.o 3632ms exit 0 
compile module.nuitka.importing.o 2566ms exit 0 
compile module.nuitka.nodes.AsyncgenNodes.o 3012ms exit 0 
compile module.nuitka.nodes.AttributeLookupNodes.o 2975ms exit 0 
compile module.nuitka.nodes.AttributeNodes.o 3755ms exit 0 
compile module.nuitka.nodes.AttributeNodesGenerated.o 410621ms exit 0 
compile module.nuitka.nodes.BuiltinAllNodes.o 2780ms exit 0 
compile module.nuitka.nodes.BuiltinAnyNodes.o 2740ms exit 0 
compile module.nuitka.nodes.BuiltinComplexNodes.o 2806ms exit 0 
compile module.nuitka.nodes.BuiltinDecodingNodes.o 2681ms exit 0 
compile module.nuitka.nodes.BuiltinDecoratorNodes.o 2820ms exit 0 
compile module.nuitka.nodes.BuiltinDictNodes.o 2884ms exit 0 
compile module.nuitka.nodes.BuiltinFormatNodes.o 3072ms exit 0 
compile module.nuitka.nodes.BuiltinHashNodes.o 2827ms exit 0 
compile module.nuitka.nodes.BuiltinInputNodes.o 2674ms exit 0 
compile module.nuitka.nodes.BuiltinIntegerNodes.o 3247ms exit 0 
compile module.nuitka.nodes.BuiltinIteratorNodes.o 4217ms exit 0 
compile module.nuitka.nodes.BuiltinLenNodes.o 2801ms exit 0 
compile module.nuitka.nodes.BuiltinNextNodes.o 3131ms exit 0 
compile module.nuitka.nodes.BuiltinOpenNodes.o 5754ms exit 0 
compile module.nuitka.nodes.BuiltinOperationNodeBasesGenerated.o 375921ms exit 0 
compile module.nuitka.nodes.BuiltinRangeNodes.o 7503ms exit 0 
compile module.nuitka.nodes.BuiltinRefNodes.o 3745ms exit 0 
compile module.nuitka.nodes.BuiltinSumNodes.o 2929ms exit 0 
compile module.nuitka.nodes.BuiltinTypeNodes.o 5385ms exit 0 
compile module.nuitka.nodes.BuiltinVarsNodes.o 2765ms exit 0 
compile module.nuitka.nodes.BytesNodes.o 15737ms exit 0 
compile module.nuitka.nodes.CallNodes.o 3384ms exit 0 
compile module.nuitka.nodes.Checkers.o 2715ms exit 0 
compile module.nuitka.nodes.ChildrenHavingMixins.o 913294ms exit 0 
compile module.nuitka.nodes.ClassNodes.o 3516ms exit 0 
compile module.nuitka.nodes.CodeObjectSpecs.o 3192ms exit 0 
compile module.nuitka.nodes.ComparisonNodes.o 6519ms exit 0 
compile module.nuitka.nodes.ConditionalNodes.o 4699ms exit 0 
compile module.nuitka.nodes.ConstantRefNodes.o 20514ms exit 0 
compile module.nuitka.nodes.ContainerMakingNodes.o 5043ms exit 0 
compile module.nuitka.nodes.ContainerOperationNodes.o 2829ms exit 0 
compile module.nuitka.nodes.CoroutineNodes.o 3290ms exit 0 
compile module.nuitka.nodes.CtypesNodes.o 2709ms exit 0 
compile module.nuitka.nodes.DictionaryNodes.o 14831ms exit 0 
compile module.nuitka.nodes.ExceptionNodes.o 3988ms exit 0 
compile module.nuitka.nodes.ExecEvalNodes.o 3248ms exit 0 
compile module.nuitka.nodes.ExpressionBases.o 8470ms exit 0 
compile module.nuitka.nodes.ExpressionBasesGenerated.o 14900ms exit 0 
compile module.nuitka.nodes.ExpressionShapeMixins.o 11206ms exit 0 
compile module.nuitka.nodes.FrameNodes.o 4314ms exit 0 
compile module.nuitka.nodes.FunctionAttributeNodes.o 2930ms exit 0 
compile module.nuitka.nodes.FunctionNodes.o 9691ms exit 0 
compile module.nuitka.nodes.FutureSpecs.o 3180ms exit 0 
compile module.nuitka.nodes.GeneratorNodes.o 3308ms exit 0 
compile module.nuitka.nodes.GlobalsLocalsNodes.o 3750ms exit 0 
compile module.nuitka.nodes.HardImportNodesGenerated.o 35252ms exit 0 
compile module.nuitka.nodes.ImportHardNodes.o 3222ms exit 0 
compile module.nuitka.nodes.ImportNodes.o 8541ms exit 0 
compile module.nuitka.nodes.IndicatorMixins.o 2808ms exit 0 
compile module.nuitka.nodes.InjectCNodes.o 2761ms exit 0 
compile module.nuitka.nodes.IterationHandles.o 4687ms exit 0 
compile module.nuitka.nodes.KeyValuePairNodes.o 4594ms exit 0 
compile module.nuitka.nodes.ListOperationNodes.o 5189ms exit 0 
compile module.nuitka.nodes.LocalsDictNodes.o 6098ms exit 0 
compile module.nuitka.nodes.LocalsScopes.o 5325ms exit 0 
compile module.nuitka.nodes.LoopNodes.o 4127ms exit 0 
compile module.nuitka.nodes.MatchNodes.o 2639ms exit 0 
compile module.nuitka.nodes.ModuleAttributeNodes.o 3237ms exit 0 
compile module.nuitka.nodes.ModuleNodes.o 8917ms exit 0 
compile module.nuitka.nodes.NodeBases.o 7445ms exit 0 
compile module.nuitka.nodes.NodeMakingHelpers.o 3828ms exit 0 
compile module.nuitka.nodes.NodeMetaClasses.o 3189ms exit 0 
compile module.nuitka.nodes.OperatorNodes.o 12548ms exit 0 
compile module.nuitka.nodes.OperatorNodesUnary.o 3841ms exit 0 
compile module.nuitka.nodes.OsSysNodes.o 3288ms exit 0 
compile module.nuitka.nodes.OutlineNodes.o 3739ms exit 0 
compile module.nuitka.nodes.PackageMetadataNodes.o 9713ms exit 0 
compile module.nuitka.nodes.PackageResourceNodes.o 4193ms exit 0 
compile module.nuitka.nodes.PrintNodes.o 2840ms exit 0 
compile module.nuitka.nodes.ReturnNodes.o 3680ms exit 0 
compile module.nuitka.nodes.SideEffectNodes.o 3083ms exit 0 
compile module.nuitka.nodes.SliceNodes.o 3756ms exit 0 
compile module.nuitka.nodes.StatementBasesGenerated.o 27033ms exit 0 
compile module.nuitka.nodes.StatementNodes.o 4329ms exit 0 
compile module.nuitka.nodes.StrNodes.o 18309ms exit 0 
compile module.nuitka.nodes.StringConcatenationNodes.o 2966ms exit 0 
compile module.nuitka.nodes.SubscriptNodes.o 3429ms exit 0 
compile module.nuitka.nodes.TryNodes.o 3816ms exit 0 
compile module.nuitka.nodes.TypeMatchNodes.o 2758ms exit 0 
compile module.nuitka.nodes.TypeNodes.o 3813ms exit 0 
compile module.nuitka.nodes.VariableAssignNodes.o 6672ms exit 0 
compile module.nuitka.nodes.VariableDelNodes.o 3344ms exit 0 
compile module.nuitka.nodes.VariableNameNodes.o 3100ms exit 0 
compile module.nuitka.nodes.VariableRefNodes.o 5787ms exit 0 
compile module.nuitka.nodes.VariableReleaseNodes.o 3209ms exit 0 
compile module.nuitka.nodes.YieldNodes.o 2862ms exit 0 
compile module.nuitka.nodes.o 2555ms exit 0 
compile module.nuitka.nodes.shapes.BuiltinTypeShapes.o 163735ms exit 0 
compile module.nuitka.nodes.shapes.ControlFlowDescriptions.o 4175ms exit 0 
compile module.nuitka.nodes.shapes.ShapeMixins.o 3470ms exit 0 
compile module.nuitka.nodes.shapes.StandardShapes.o 14800ms exit 0 
compile module.nuitka.nodes.shapes.o 2521ms exit 0 
compile module.nuitka.optimizations.BytecodeDemotion.o 2668ms exit 0 
compile module.nuitka.optimizations.FunctionInlining.o 2867ms exit 0 
compile module.nuitka.optimizations.Graphs.o 2748ms exit 0 
compile module.nuitka.optimizations.Optimization.o 3750ms exit 0 
compile module.nuitka.optimizations.OptimizeBuiltinCalls.o 9944ms exit 0 
compile module.nuitka.optimizations.Tags.o 3568ms exit 0 
compile module.nuitka.optimizations.TraceCollections.o 10496ms exit 0 
compile module.nuitka.optimizations.ValueTraces.o 12643ms exit 0 
compile module.nuitka.optimizations.o 2555ms exit 0 
compile module.nuitka.pgo.PGO.o 3065ms exit 0 
compile module.nuitka.pgo.o 2599ms exit 0 
compile module.nuitka.plugins.PluginBase.o 9810ms exit 0 
compile module.nuitka.plugins.Plugins.o 18357ms exit 0 
compile module.nuitka.plugins.o 2632ms exit 0 
compile module.nuitka.plugins.standard.AntiBloatPlugin.o 5556ms exit 0 
compile module.nuitka.plugins.standard.ConsiderPyLintAnnotationsPlugin.o 2926ms exit 0 
compile module.nuitka.plugins.standard.DataFilesPlugin.o 3807ms exit 0 
compile module.nuitka.plugins.standard.DelvewheelPlugin.o 3021ms exit 0 
compile module.nuitka.plugins.standard.DillPlugin.o 2717ms exit 0 
compile module.nuitka.plugins.standard.DllFilesPlugin.o 4854ms exit 0 
compile module.nuitka.plugins.standard.EnumPlugin.o 2653ms exit 0 
compile module.nuitka.plugins.standard.EventletPlugin.o 2822ms exit 0 
compile module.nuitka.plugins.standard.GeventPlugin.o 2655ms exit 0 
compile module.nuitka.plugins.standard.GiPlugin.o 2912ms exit 0 
compile module.nuitka.plugins.standard.GlfwPlugin.o 3062ms exit 0 
compile module.nuitka.plugins.standard.ImplicitImports.o 7139ms exit 0 
compile module.nuitka.plugins.standard.KivyPlugin.o 3196ms exit 0 
compile module.nuitka.plugins.standard.MatplotlibPlugin.o 3083ms exit 0 
compile module.nuitka.plugins.standard.MultiprocessingPlugin.o 2913ms exit 0 
compile module.nuitka.plugins.standard.NumpyPlugin.o 2604ms exit 0 
compile module.nuitka.plugins.standard.OptionsNannyPlugin.o 3112ms exit 0 
compile module.nuitka.plugins.standard.PbrPlugin.o 2656ms exit 0 
compile module.nuitka.plugins.standard.PkgResourcesPlugin.o 2951ms exit 0 
compile module.nuitka.plugins.standard.PmwPlugin.o 3225ms exit 0 
compile module.nuitka.plugins.standard.PySidePyQtPlugin.o 10118ms exit 0 
compile module.nuitka.plugins.standard.PywebViewPlugin.o 2857ms exit 0 
compile module.nuitka.plugins.standard.TensorflowPlugin.o 2675ms exit 0 
compile module.nuitka.plugins.standard.TkinterPlugin.o 4049ms exit 0 
compile module.nuitka.plugins.standard.TorchPlugin.o 2619ms exit 0 
compile module.nuitka.plugins.standard.TransformersPlugin.o 2732ms exit 0 
compile module.nuitka.plugins.standard.TrioPlugin.o 2746ms exit 0 
compile module.nuitka.plugins.standard.UpxPlugin.o 3062ms exit 0 
compile module.nuitka.plugins.standard.o 2599ms exit 0 
compile module.nuitka.reports.CompilationReportReader.o 2809ms exit 0 
compile module.nuitka.reports.Reports.o 8091ms exit 0 
compile module.nuitka.reports.o 2620ms exit 0 
compile module.nuitka.specs.BuiltinBytesOperationSpecs.o 2843ms exit 0 
compile module.nuitka.specs.BuiltinDictOperationSpecs.o 2730ms exit 0 
compile module.nuitka.specs.BuiltinListOperationSpecs.o 2778ms exit 0 
compile module.nuitka.specs.BuiltinParameterSpecs.o 5481ms exit 0 
compile module.nuitka.specs.BuiltinStrOperationSpecs.o 2791ms exit 0 
compile module.nuitka.specs.BuiltinTypeOperationSpecs.o 2584ms exit 0 
compile module.nuitka.specs.BuiltinUnicodeOperationSpecs.o 2850ms exit 0 
compile module.nuitka.specs.HardImportSpecs.o 2615ms exit 0 
compile module.nuitka.specs.ParameterSpecs.o 4902ms exit 0 
compile module.nuitka.specs.o 3159ms exit 0 
compile module.nuitka.tools.Basics.o 2671ms exit 0 
compile module.nuitka.tools.o 2639ms exit 0 
compile module.nuitka.tools.data_composer.DataComposer.o 9264ms exit 0 
compile module.nuitka.tools.data_composer.__main__.o 5110ms exit 0 
compile module.nuitka.tools.data_composer.o 3237ms exit 0 
compile module.nuitka.tools.environments.CreateEnvironment.o 4194ms exit 0 
compile module.nuitka.tools.environments.Virtualenv.o 3154ms exit 0 
compile module.nuitka.tools.environments.o 2528ms exit 0 
compile module.nuitka.tools.general.o 2520ms exit 0 
compile module.nuitka.tools.general.dll_report.__main__.o 2760ms exit 0 
compile module.nuitka.tools.general.dll_report.o 2555ms exit 0 
compile module.nuitka.tools.general.find_module.FindModuleCode.o 2795ms exit 0 
compile module.nuitka.tools.general.find_module.o 2539ms exit 0 
compile module.nuitka.tools.onefile_compressor.OnefileCompressor.o 3962ms exit 0 
compile module.nuitka.tools.onefile_compressor.__main__.o 2502ms exit 0 
compile module.nuitka.tools.onefile_compressor.o 2538ms exit 0 
compile module.nuitka.tools.scanning.DisplayPackageDLLs.o 2959ms exit 0 
compile module.nuitka.tools.scanning.DisplayPackageData.o 2714ms exit 0 
compile module.nuitka.tools.scanning.o 2544ms exit 0 
compile module.nuitka.tree.Building.o 7424ms exit 0 
compile module.nuitka.tree.ComplexCallHelperFunctions.o 7474ms exit 0 
compile module.nuitka.tree.Extractions.o 2658ms exit 0 
compile module.nuitka.tree.InternalModule.o 2686ms exit 0 
compile module.nuitka.tree.Operations.o 2672ms exit 0 
compile module.nuitka.tree.ReformulationAssertStatements.o 2595ms exit 0 
compile module.nuitka.tree.ReformulationAssignmentStatements.o 5960ms exit 0 
compile module.nuitka.tree.ReformulationBooleanExpressions.o 2783ms exit 0 
compile module.nuitka.tree.ReformulationCallExpressions.o 3303ms exit 0 
compile module.nuitka.tree.ReformulationClasses.o 3355ms exit 0 
compile module.nuitka.tree.ReformulationClasses3.o 5685ms exit 0 
compile module.nuitka.tree.ReformulationComparisonExpressions.o 3209ms exit 0 
compile module.nuitka.tree.ReformulationContractionExpressions.o 4010ms exit 0 
compile module.nuitka.tree.ReformulationDictionaryCreation.o 3279ms exit 0 
compile module.nuitka.tree.ReformulationExecStatements.o 3070ms exit 0 
compile module.nuitka.tree.ReformulationForLoopStatements.o 2823ms exit 0 
compile module.nuitka.tree.ReformulationFunctionStatements.o 6463ms exit 0 
compile module.nuitka.tree.ReformulationImportStatements.o 7456ms exit 0 
compile module.nuitka.tree.ReformulationLambdaExpressions.o 3931ms exit 0 
compile module.nuitka.tree.ReformulationMatchStatements.o 6423ms exit 0 
compile module.nuitka.tree.ReformulationMultidist.o 3915ms exit 0 
compile module.nuitka.tree.ReformulationNamespacePackages.o 3823ms exit 0 
compile module.nuitka.tree.ReformulationPrintStatements.o 2778ms exit 0 
compile module.nuitka.tree.ReformulationSequenceCreation.o 6912ms exit 0 
compile module.nuitka.tree.ReformulationSubscriptExpressions.o 4628ms exit 0 
compile module.nuitka.tree.ReformulationTryExceptStatements.o 6470ms exit 0 
compile module.nuitka.tree.ReformulationTryFinallyStatements.o 6223ms exit 0 
compile module.nuitka.tree.ReformulationWhileLoopStatements.o 5526ms exit 0 
compile module.nuitka.tree.ReformulationWithStatements.o 7032ms exit 0 
compile module.nuitka.tree.ReformulationYieldExpressions.o 5701ms exit 0 
compile module.nuitka.tree.SourceHandling.o 8139ms exit 0 
compile module.nuitka.tree.SyntaxErrors.o 5727ms exit 0 
compile module.nuitka.tree.TreeHelpers.o 10961ms exit 0 
compile module.nuitka.tree.VariableClosure.o 8333ms exit 0 
compile module.nuitka.tree.o 5185ms exit 0 
compile module.nuitka.utils.AppDirs.o 5529ms exit 0 
compile module.nuitka.utils.CStrings.o 6250ms exit 0 
compile module.nuitka.utils.CommandLineOptions.o 6603ms exit 0 
compile module.nuitka.utils.Distributions.o 8822ms exit 0 
compile module.nuitka.utils.Download.o 6160ms exit 0 
compile module.nuitka.utils.Execution.o 9255ms exit 0 
compile module.nuitka.utils.FileOperations.o 18619ms exit 0 
compile module.nuitka.utils.Hashing.o 6654ms exit 0 
compile module.nuitka.utils.Images.o 5554ms exit 0 
compile module.nuitka.utils.Importing.o 4360ms exit 0 
compile module.nuitka.utils.InstalledPythons.o 7143ms exit 0 
compile module.nuitka.utils.InstanceCounters.o 4416ms exit 0 
compile module.nuitka.utils.Jinja2.o 5621ms exit 0 
compile module.nuitka.utils.Json.o 4054ms exit 0 
compile module.nuitka.utils.MacOSApp.o 3009ms exit 0 
compile module.nuitka.utils.MemoryUsage.o 3306ms exit 0 
compile module.nuitka.utils.ModuleNames.o 3895ms exit 0 
compile module.nuitka.utils.ReExecute.o 2933ms exit 0 
compile module.nuitka.utils.Rest.o 2799ms exit 0 
compile module.nuitka.utils.SharedLibraries.o 6176ms exit 0 
compile module.nuitka.utils.Shebang.o 2705ms exit 0 
compile module.nuitka.utils.Signing.o 2869ms exit 0 
compile module.nuitka.utils.SlotMetaClasses.o 2718ms exit 0 
compile module.nuitka.utils.StaticLibraries.o 3249ms exit 0 
compile module.nuitka.utils.ThreadedExecutor.o 2948ms exit 0 
compile module.nuitka.utils.Timing.o 2903ms exit 0 
compile module.nuitka.utils.Utils.o 4158ms exit 0 
compile module.nuitka.utils.WindowsFileUsage.o 4330ms exit 0 
compile module.nuitka.utils.WindowsResources.o 5308ms exit 0 
compile module.nuitka.utils.Yaml.o 3511ms exit 0 
compile module.nuitka.utils.o 2633ms exit 0 
compile module.nuitka.utils.wasi_sdk.o 3121ms exit 0 
compile static_src/MainProgram.o 2555ms exit 0 
compile static_src/CompiledFunctionType.o 42789ms exit 0 
link /work/selfc4/out/main.dist/main.bin 265249ms exit 0 wasm-ld: warning: unknown -z value: noexecstack

plan ms 3904576
{"out":"/home/ubuntu/work/selfc4.wasm","bytes":70426743,"steps":[{"kind":"compile","output":"__constants.o","ms":3084},{"kind":"compile","output":"__constants_data.o","ms":17976},{"kind":"compile","output":"__helpers.o","ms":2981},{"kind":"compile","output":"__loader.o","ms":2871},{"kind":"compile","output":"module.__main__.o","ms":3459},{"kind":"compile","output":"module.__parents_main__.o","ms":2767},{"kind":"compile","output":"module.multiprocessing-postLoad.o","ms":2651},{"kind":"compile","output":"module.multiprocessing-preLoad.o","ms":2685},{"kind":"compile","output":"module.nuitka.Builtins.o","ms":3535},{"kind":"compile","output":"module.nuitka.BytecodeCaching.o","ms":3110},{"kind":"compile","output":"module.nuitka.Bytecodes.o","ms":2913},{"kind":"compile","output":"module.nuitka.CacheCleanup.o","ms":2621},{"kind":"compile","output":"module.nuitka.Constants.o","ms":3769},{"kind":"compile","output":"module.nuitka.Errors.o","ms":3064},{"kind":"compile","output":"module.nuitka.HardImportRegistry.o","ms":3411},{"kind":"compile","output":"module.nuitka.MainControl.o","ms":7152},{"kind":"compile","output":"module.nuitka.ModuleRegistry.o","ms":3869},{"kind":"compile","output":"module.nuitka.OptionParsing.o","ms":5950},{"kind":"compile","output":"module.nuitka.Options.o","ms":20533},{"kind":"compile","output":"module.nuitka.OutputDirectories.o","ms":2993},{"kind":"compile","output":"module.nuitka.PostProcessing.o","ms":4232},{"kind":"compile","output":"module.nuitka.Progress.o","ms":3416},{"kind":"compile","output":"module.nuitka.PythonFlavors.o","ms":3563},{"kind":"compile","output":"module.nuitka.PythonOperators.o","ms":2847},{"kind":"compile","output":"module.nuitka.PythonVersions.o","ms":3983},{"kind":"compile","output":"module.nuitka.Serialization.o","ms":3916},{"kind":"compile","output":"module.nuitka.SourceCodeReferences.o","ms":3097},{"kind":"compile","output":"module.nuitka.Tracing.o","ms":4235},{"kind":"compile","output":"module.nuitka.TreeXML.o","ms":2978},{"kind":"compile","output":"module.nuitka.Variables.o","ms":5566},{"kind":"compile","output":"module.nuitka.Version.o","ms":2761},{"kind":"compile","output":"module.nuitka.__main__.o","ms":2958},{"kind":"compile","output":"module.nuitka.__past__.o","ms":3000},{"kind":"compile","output":"module.nuitka.build.DataComposerInterface.o","ms":2842},{"kind":"compile","output":"module.nuitka.build.SconsCaching.o","ms":3735},{"kind":"compile","output":"module.nuitka.build.SconsCompilerSettings.o","ms":5241},{"kind":"compile","output":"module.nuitka.build.SconsHacks.o","ms":3067},{"kind":"compile","output":"module.nuitka.build.SconsInterface.o","ms":4731},{"kind":"compile","output":"module.nuitka.build.SconsProgress.o","ms":2781},{"kind":"compile","output":"module.nuitka.build.SconsSpawn.o","ms":4410},{"kind":"compile","output":"module.nuitka.build.SconsUtils.o","ms":6191},{"kind":"compile","output":"module.nuitka.build.o","ms":2560},{"kind":"compile","output":"module.nuitka.o","ms":2645},{"kind":"compile","output":"module.nuitka.code_generation.AsyncgenCodes.o","ms":2991},{"kind":"compile","output":"module.nuitka.code_generation.AttributeCodes.o","ms":3425},{"kind":"compile","output":"module.nuitka.code_generation.BinaryOperationHelperDefinitions.o","ms":5208},{"kind":"compile","output":"module.nuitka.code_generation.BranchCodes.o","ms":2720},{"kind":"compile","output":"module.nuitka.code_generation.BuiltinCodes.o","ms":4217},{"kind":"compile","output":"module.nuitka.code_generation.CallCodes.o","ms":5595},{"kind":"compile","output":"module.nuitka.code_generation.ClassCodes.o","ms":3102},{"kind":"compile","output":"module.nuitka.code_generation.CodeGeneration.o","ms":5816},{"kind":"compile","output":"module.nuitka.code_generation.CodeHelperSelection.o","ms":2675},{"kind":"compile","output":"module.nuitka.code_generation.CodeHelpers.o","ms":4372},{"kind":"compile","output":"module.nuitka.code_generation.CodeObjectCodes.o","ms":3042},{"kind":"compile","output":"module.nuitka.code_generation.ComparisonCodes.o","ms":3552},{"kind":"compile","output":"module.nuitka.code_generation.ComparisonHelperDefinitions.o","ms":3038},{"kind":"compile","output":"module.nuitka.code_generation.ConditionalCodes.o","ms":2974},{"kind":"compile","output":"module.nuitka.code_generation.ConstantCodes.o","ms":3094},{"kind":"compile","output":"module.nuitka.code_generation.Contexts.o","ms":11392},{"kind":"compile","output":"module.nuitka.code_generation.CoroutineCodes.o","ms":3179},{"kind":"compile","output":"module.nuitka.code_generation.CtypesCodes.o","ms":2663},{"kind":"compile","output":"module.nuitka.code_generation.DictCodes.o","ms":5589},{"kind":"compile","output":"module.nuitka.code_generation.Emission.o","ms":2907},{"kind":"compile","output":"module.nuitka.code_generation.ErrorCodes.o","ms":3351},{"kind":"compile","output":"module.nuitka.code_generation.EvalCodes.o","ms":3500},{"kind":"compile","output":"module.nuitka.code_generation.ExceptionCodes.o","ms":3214},{"kind":"compile","output":"module.nuitka.code_generation.ExpressionCTypeSelectionHelpers.o","ms":2829},{"kind":"compile","output":"module.nuitka.code_generation.ExpressionCodes.o","ms":2639},{"kind":"compile","output":"module.nuitka.code_generation.FrameCodes.o","ms":3459},{"kind":"compile","output":"module.nuitka.code_generation.FunctionCodes.o","ms":5298},{"kind":"compile","output":"module.nuitka.code_generation.GeneratorCodes.o","ms":2956},{"kind":"compile","output":"module.nuitka.code_generation.GlobalConstants.o","ms":3023},{"kind":"compile","output":"module.nuitka.code_generation.GlobalsLocalsCodes.o","ms":3206},{"kind":"compile","output":"module.nuitka.code_generation.IdCodes.o","ms":2560},{"kind":"compile","output":"module.nuitka.code_generation.ImportCodes.o","ms":3750},{"kind":"compile","output":"module.nuitka.code_generation.Indentation.o","ms":2785},{"kind":"compile","output":"module.nuitka.code_generation.IndexCodes.o","ms":2703},{"kind":"compile","output":"module.nuitka.code_generation.InjectCCodes.o","ms":2627},{"kind":"compile","output":"module.nuitka.code_generation.IntegerCodes.o","ms":2899},{"kind":"compile","output":"module.nuitka.code_generation.IteratorCodes.o","ms":3405},{"kind":"compile","output":"module.nuitka.code_generation.LabelCodes.o","ms":2665},{"kind":"compile","output":"module.nuitka.code_generation.LineNumberCodes.o","ms":2732},{"kind":"compile","output":"module.nuitka.code_generation.ListCodes.o","ms":4214},{"kind":"compile","output":"module.nuitka.code_generation.LoaderCodes.o","ms":3060},{"kind":"compile","output":"module.nuitka.code_generation.LocalsDictCodes.o","ms":3091},{"kind":"compile","output":"module.nuitka.code_generation.LoopCodes.o","ms":2678},{"kind":"compile","output":"module.nuitka.code_generation.MatchCodes.o","ms":2714},{"kind":"compile","output":"module.nuitka.code_generation.ModuleCodes.o","ms":3226},{"kind":"compile","output":"module.nuitka.code_generation.Namify.o","ms":3159},{"kind":"compile","output":"module.nuitka.code_generation.OperationCodes.o","ms":3370},{"kind":"compile","output":"module.nuitka.code_generation.PackageResourceCodes.o","ms":5494},{"kind":"compile","output":"module.nuitka.code_generation.PrintCodes.o","ms":2687},{"kind":"compile","output":"module.nuitka.code_generation.PythonAPICodes.o","ms":3147},{"kind":"compile","output":"module.nuitka.code_generation.RaisingCodes.o","ms":3500},{"kind":"compile","output":"module.nuitka.code_generation.Reports.o","ms":3125},{"kind":"compile","output":"module.nuitka.code_generation.ReturnCodes.o","ms":2839},{"kind":"compile","output":"module.nuitka.code_generation.SetCodes.o","ms":3246},{"kind":"compile","output":"module.nuitka.code_generation.SliceCodes.o","ms":3825},{"kind":"compile","output":"module.nuitka.code_generation.StringCodes.o","ms":3215},{"kind":"compile","output":"module.nuitka.code_generation.SubscriptCodes.o","ms":3265},{"kind":"compile","output":"module.nuitka.code_generation.TryCodes.o","ms":3251},{"kind":"compile","output":"module.nuitka.code_generation.TupleCodes.o","ms":3040},{"kind":"compile","output":"module.nuitka.code_generation.VariableCodes.o","ms":3452},{"kind":"compile","output":"module.nuitka.code_generation.VariableDeclarations.o","ms":3617},{"kind":"compile","output":"module.nuitka.code_generation.YieldCodes.o","ms":3256},{"kind":"compile","output":"module.nuitka.code_generation.o","ms":2572},{"kind":"compile","output":"module.nuitka.code_generation.c_types.CTypeBases.o","ms":3207},{"kind":"compile","output":"module.nuitka.code_generation.c_types.CTypeBooleans.o","ms":2977},{"kind":"compile","output":"module.nuitka.code_generation.c_types.CTypeCFloats.o","ms":2738},{"kind":"compile","output":"module.nuitka.code_generation.c_types.CTypeCLongs.o","ms":2770},{"kind":"compile","output":"module.nuitka.code_generation.c_types.CTypeModuleDictVariables.o","ms":2748},{"kind":"compile","output":"module.nuitka.code_generation.c_types.CTypeNuitkaBooleans.o","ms":3103},{"kind":"compile","output":"module.nuitka.code_generation.c_types.CTypeNuitkaInts.o","ms":3029},{"kind":"compile","output":"module.nuitka.code_generation.c_types.CTypeNuitkaVoids.o","ms":2964},{"kind":"compile","output":"module.nuitka.code_generation.c_types.CTypePyObjectPointers.o","ms":5203},{"kind":"compile","output":"module.nuitka.code_generation.c_types.CTypeVoids.o","ms":2830},{"kind":"compile","output":"module.nuitka.code_generation.c_types.o","ms":2588},{"kind":"compile","output":"module.nuitka.code_generation.templates.CodeTemplatesAsyncgens.o","ms":2658},{"kind":"compile","output":"module.nuitka.code_generation.templates.CodeTemplatesConstants.o","ms":2515},{"kind":"compile","output":"module.nuitka.code_generation.templates.CodeTemplatesCoroutines.o","ms":2599},{"kind":"compile","output":"module.nuitka.code_generation.templates.CodeTemplatesExceptions.o","ms":2570},{"kind":"compile","output":"module.nuitka.code_generation.templates.CodeTemplatesFrames.o","ms":2610},{"kind":"compile","output":"module.nuitka.code_generation.templates.CodeTemplatesFunction.o","ms":2586},{"kind":"compile","output":"module.nuitka.code_generation.templates.CodeTemplatesGeneratorFunction.o","ms":2581},{"kind":"compile","output":"module.nuitka.code_generation.templates.CodeTemplatesIterators.o","ms":2573},{"kind":"compile","output":"module.nuitka.code_generation.templates.CodeTemplatesLoader.o","ms":2623},{"kind":"compile","output":"module.nuitka.code_generation.templates.CodeTemplatesModules.o","ms":2596},{"kind":"compile","output":"module.nuitka.code_generation.templates.CodeTemplatesVariables.o","ms":2646},{"kind":"compile","output":"module.nuitka.code_generation.templates.TemplateDebugWrapper.o","ms":2925},{"kind":"compile","output":"module.nuitka.code_generation.templates.o","ms":2577},{"kind":"compile","output":"module.nuitka.containers.Namedtuples.o","ms":2779},{"kind":"compile","output":"module.nuitka.containers.OrderedDicts.o","ms":3737},{"kind":"compile","output":"module.nuitka.containers.OrderedSets.o","ms":2765},{"kind":"compile","output":"module.nuitka.containers.OrderedSetsFallback.o","ms":3219},{"kind":"compile","output":"module.nuitka.containers.o","ms":2570},{"kind":"compile","output":"module.nuitka.distutils.Build.o","ms":2829},{"kind":"compile","output":"module.nuitka.distutils.DistutilCommands.o","ms":5276},{"kind":"compile","output":"module.nuitka.distutils.o","ms":2634},{"kind":"compile","output":"module.nuitka.finalizations.Finalization.o","ms":2687},{"kind":"compile","output":"module.nuitka.finalizations.FinalizeMarkups.o","ms":2944},{"kind":"compile","output":"module.nuitka.finalizations.o","ms":2612},{"kind":"compile","output":"module.nuitka.freezer.DependsExe.o","ms":3227},{"kind":"compile","output":"module.nuitka.freezer.DllDependenciesCommon.o","ms":2753},{"kind":"compile","output":"module.nuitka.freezer.DllDependenciesMacOS.o","ms":4075},{"kind":"compile","output":"module.nuitka.freezer.DllDependenciesPosix.o","ms":3141},{"kind":"compile","output":"module.nuitka.freezer.DllDependenciesWin32.o","ms":3203},{"kind":"compile","output":"module.nuitka.freezer.ImportDetection.o","ms":3700},{"kind":"compile","output":"module.nuitka.freezer.IncludedDataFiles.o","ms":5392},{"kind":"compile","output":"module.nuitka.freezer.IncludedEntryPoints.o","ms":3434},{"kind":"compile","output":"module.nuitka.freezer.Onefile.o","ms":3219},{"kind":"compile","output":"module.nuitka.freezer.Standalone.o","ms":3665},{"kind":"compile","output":"module.nuitka.freezer.o","ms":2674},{"kind":"compile","output":"module.nuitka.importing.IgnoreListing.o","ms":2580},{"kind":"compile","output":"module.nuitka.importing.ImportCache.o","ms":2967},{"kind":"compile","output":"module.nuitka.importing.ImportResolving.o","ms":2763},{"kind":"compile","output":"module.nuitka.importing.Importing.o","ms":5807},{"kind":"compile","output":"module.nuitka.importing.PreloadedPackages.o","ms":3371},{"kind":"compile","output":"module.nuitka.importing.Recursion.o","ms":4360},{"kind":"compile","output":"module.nuitka.importing.StandardLibrary.o","ms":3632},{"kind":"compile","output":"module.nuitka.importing.o","ms":2566},{"kind":"compile","output":"module.nuitka.nodes.AsyncgenNodes.o","ms":3012},{"kind":"compile","output":"module.nuitka.nodes.AttributeLookupNodes.o","ms":2975},{"kind":"compile","output":"module.nuitka.nodes.AttributeNodes.o","ms":3755},{"kind":"compile","output":"module.nuitka.nodes.AttributeNodesGenerated.o","ms":410621},{"kind":"compile","output":"module.nuitka.nodes.BuiltinAllNodes.o","ms":2780},{"kind":"compile","output":"module.nuitka.nodes.BuiltinAnyNodes.o","ms":2740},{"kind":"compile","output":"module.nuitka.nodes.BuiltinComplexNodes.o","ms":2806},{"kind":"compile","output":"module.nuitka.nodes.BuiltinDecodingNodes.o","ms":2681},{"kind":"compile","output":"module.nuitka.nodes.BuiltinDecoratorNodes.o","ms":2820},{"kind":"compile","output":"module.nuitka.nodes.BuiltinDictNodes.o","ms":2884},{"kind":"compile","output":"module.nuitka.nodes.BuiltinFormatNodes.o","ms":3072},{"kind":"compile","output":"module.nuitka.nodes.BuiltinHashNodes.o","ms":2827},{"kind":"compile","output":"module.nuitka.nodes.BuiltinInputNodes.o","ms":2674},{"kind":"compile","output":"module.nuitka.nodes.BuiltinIntegerNodes.o","ms":3247},{"kind":"compile","output":"module.nuitka.nodes.BuiltinIteratorNodes.o","ms":4217},{"kind":"compile","output":"module.nuitka.nodes.BuiltinLenNodes.o","ms":2801},{"kind":"compile","output":"module.nuitka.nodes.BuiltinNextNodes.o","ms":3131},{"kind":"compile","output":"module.nuitka.nodes.BuiltinOpenNodes.o","ms":5754},{"kind":"compile","output":"module.nuitka.nodes.BuiltinOperationNodeBasesGenerated.o","ms":375921},{"kind":"compile","output":"module.nuitka.nodes.BuiltinRangeNodes.o","ms":7503},{"kind":"compile","output":"module.nuitka.nodes.BuiltinRefNodes.o","ms":3745},{"kind":"compile","output":"module.nuitka.nodes.BuiltinSumNodes.o","ms":2929},{"kind":"compile","output":"module.nuitka.nodes.BuiltinTypeNodes.o","ms":5385},{"kind":"compile","output":"module.nuitka.nodes.BuiltinVarsNodes.o","ms":2765},{"kind":"compile","output":"module.nuitka.nodes.BytesNodes.o","ms":15737},{"kind":"compile","output":"module.nuitka.nodes.CallNodes.o","ms":3384},{"kind":"compile","output":"module.nuitka.nodes.Checkers.o","ms":2715},{"kind":"compile","output":"module.nuitka.nodes.ChildrenHavingMixins.o","ms":913294},{"kind":"compile","output":"module.nuitka.nodes.ClassNodes.o","ms":3516},{"kind":"compile","output":"module.nuitka.nodes.CodeObjectSpecs.o","ms":3192},{"kind":"compile","output":"module.nuitka.nodes.ComparisonNodes.o","ms":6519},{"kind":"compile","output":"module.nuitka.nodes.ConditionalNodes.o","ms":4699},{"kind":"compile","output":"module.nuitka.nodes.ConstantRefNodes.o","ms":20514},{"kind":"compile","output":"module.nuitka.nodes.ContainerMakingNodes.o","ms":5043},{"kind":"compile","output":"module.nuitka.nodes.ContainerOperationNodes.o","ms":2829},{"kind":"compile","output":"module.nuitka.nodes.CoroutineNodes.o","ms":3290},{"kind":"compile","output":"module.nuitka.nodes.CtypesNodes.o","ms":2709},{"kind":"compile","output":"module.nuitka.nodes.DictionaryNodes.o","ms":14831},{"kind":"compile","output":"module.nuitka.nodes.ExceptionNodes.o","ms":3988},{"kind":"compile","output":"module.nuitka.nodes.ExecEvalNodes.o","ms":3248},{"kind":"compile","output":"module.nuitka.nodes.ExpressionBases.o","ms":8470},{"kind":"compile","output":"module.nuitka.nodes.ExpressionBasesGenerated.o","ms":14900},{"kind":"compile","output":"module.nuitka.nodes.ExpressionShapeMixins.o","ms":11206},{"kind":"compile","output":"module.nuitka.nodes.FrameNodes.o","ms":4314},{"kind":"compile","output":"module.nuitka.nodes.FunctionAttributeNodes.o","ms":2930},{"kind":"compile","output":"module.nuitka.nodes.FunctionNodes.o","ms":9691},{"kind":"compile","output":"module.nuitka.nodes.FutureSpecs.o","ms":3180},{"kind":"compile","output":"module.nuitka.nodes.GeneratorNodes.o","ms":3308},{"kind":"compile","output":"module.nuitka.nodes.GlobalsLocalsNodes.o","ms":3750},{"kind":"compile","output":"module.nuitka.nodes.HardImportNodesGenerated.o","ms":35252},{"kind":"compile","output":"module.nuitka.nodes.ImportHardNodes.o","ms":3222},{"kind":"compile","output":"module.nuitka.nodes.ImportNodes.o","ms":8541},{"kind":"compile","output":"module.nuitka.nodes.IndicatorMixins.o","ms":2808},{"kind":"compile","output":"module.nuitka.nodes.InjectCNodes.o","ms":2761},{"kind":"compile","output":"module.nuitka.nodes.IterationHandles.o","ms":4687},{"kind":"compile","output":"module.nuitka.nodes.KeyValuePairNodes.o","ms":4594},{"kind":"compile","output":"module.nuitka.nodes.ListOperationNodes.o","ms":5189},{"kind":"compile","output":"module.nuitka.nodes.LocalsDictNodes.o","ms":6098},{"kind":"compile","output":"module.nuitka.nodes.LocalsScopes.o","ms":5325},{"kind":"compile","output":"module.nuitka.nodes.LoopNodes.o","ms":4127},{"kind":"compile","output":"module.nuitka.nodes.MatchNodes.o","ms":2639},{"kind":"compile","output":"module.nuitka.nodes.ModuleAttributeNodes.o","ms":3237},{"kind":"compile","output":"module.nuitka.nodes.ModuleNodes.o","ms":8917},{"kind":"compile","output":"module.nuitka.nodes.NodeBases.o","ms":7445},{"kind":"compile","output":"module.nuitka.nodes.NodeMakingHelpers.o","ms":3828},{"kind":"compile","output":"module.nuitka.nodes.NodeMetaClasses.o","ms":3189},{"kind":"compile","output":"module.nuitka.nodes.OperatorNodes.o","ms":12548},{"kind":"compile","output":"module.nuitka.nodes.OperatorNodesUnary.o","ms":3841},{"kind":"compile","output":"module.nuitka.nodes.OsSysNodes.o","ms":3288},{"kind":"compile","output":"module.nuitka.nodes.OutlineNodes.o","ms":3739},{"kind":"compile","output":"module.nuitka.nodes.PackageMetadataNodes.o","ms":9713},{"kind":"compile","output":"module.nuitka.nodes.PackageResourceNodes.o","ms":4193},{"kind":"compile","output":"module.nuitka.nodes.PrintNodes.o","ms":2840},{"kind":"compile","output":"module.nuitka.nodes.ReturnNodes.o","ms":3680},{"kind":"compile","output":"module.nuitka.nodes.SideEffectNodes.o","ms":3083},{"kind":"compile","output":"module.nuitka.nodes.SliceNodes.o","ms":3756},{"kind":"compile","output":"module.nuitka.nodes.StatementBasesGenerated.o","ms":27033},{"kind":"compile","output":"module.nuitka.nodes.StatementNodes.o","ms":4329},{"kind":"compile","output":"module.nuitka.nodes.StrNodes.o","ms":18309},{"kind":"compile","output":"module.nuitka.nodes.StringConcatenationNodes.o","ms":2966},{"kind":"compile","output":"module.nuitka.nodes.SubscriptNodes.o","ms":3429},{"kind":"compile","output":"module.nuitka.nodes.TryNodes.o","ms":3816},{"kind":"compile","output":"module.nuitka.nodes.TypeMatchNodes.o","ms":2758},{"kind":"compile","output":"module.nuitka.nodes.TypeNodes.o","ms":3813},{"kind":"compile","output":"module.nuitka.nodes.VariableAssignNodes.o","ms":6672},{"kind":"compile","output":"module.nuitka.nodes.VariableDelNodes.o","ms":3344},{"kind":"compile","output":"module.nuitka.nodes.VariableNameNodes.o","ms":3100},{"kind":"compile","output":"module.nuitka.nodes.VariableRefNodes.o","ms":5787},{"kind":"compile","output":"module.nuitka.nodes.VariableReleaseNodes.o","ms":3209},{"kind":"compile","output":"module.nuitka.nodes.YieldNodes.o","ms":2862},{"kind":"compile","output":"module.nuitka.nodes.o","ms":2555},{"kind":"compile","output":"module.nuitka.nodes.shapes.BuiltinTypeShapes.o","ms":163735},{"kind":"compile","output":"module.nuitka.nodes.shapes.ControlFlowDescriptions.o","ms":4175},{"kind":"compile","output":"module.nuitka.nodes.shapes.ShapeMixins.o","ms":3470},{"kind":"compile","output":"module.nuitka.nodes.shapes.StandardShapes.o","ms":14800},{"kind":"compile","output":"module.nuitka.nodes.shapes.o","ms":2521},{"kind":"compile","output":"module.nuitka.optimizations.BytecodeDemotion.o","ms":2668},{"kind":"compile","output":"module.nuitka.optimizations.FunctionInlining.o","ms":2867},{"kind":"compile","output":"module.nuitka.optimizations.Graphs.o","ms":2748},{"kind":"compile","output":"module.nuitka.optimizations.Optimization.o","ms":3750},{"kind":"compile","output":"module.nuitka.optimizations.OptimizeBuiltinCalls.o","ms":9944},{"kind":"compile","output":"module.nuitka.optimizations.Tags.o","ms":3568},{"kind":"compile","output":"module.nuitka.optimizations.TraceCollections.o","ms":10496},{"kind":"compile","output":"module.nuitka.optimizations.ValueTraces.o","ms":12643},{"kind":"compile","output":"module.nuitka.optimizations.o","ms":2555},{"kind":"compile","output":"module.nuitka.pgo.PGO.o","ms":3065},{"kind":"compile","output":"module.nuitka.pgo.o","ms":2599},{"kind":"compile","output":"module.nuitka.plugins.PluginBase.o","ms":9810},{"kind":"compile","output":"module.nuitka.plugins.Plugins.o","ms":18357},{"kind":"compile","output":"module.nuitka.plugins.o","ms":2632},{"kind":"compile","output":"module.nuitka.plugins.standard.AntiBloatPlugin.o","ms":5556},{"kind":"compile","output":"module.nuitka.plugins.standard.ConsiderPyLintAnnotationsPlugin.o","ms":2926},{"kind":"compile","output":"module.nuitka.plugins.standard.DataFilesPlugin.o","ms":3807},{"kind":"compile","output":"module.nuitka.plugins.standard.DelvewheelPlugin.o","ms":3021},{"kind":"compile","output":"module.nuitka.plugins.standard.DillPlugin.o","ms":2717},{"kind":"compile","output":"module.nuitka.plugins.standard.DllFilesPlugin.o","ms":4854},{"kind":"compile","output":"module.nuitka.plugins.standard.EnumPlugin.o","ms":2653},{"kind":"compile","output":"module.nuitka.plugins.standard.EventletPlugin.o","ms":2822},{"kind":"compile","output":"module.nuitka.plugins.standard.GeventPlugin.o","ms":2655},{"kind":"compile","output":"module.nuitka.plugins.standard.GiPlugin.o","ms":2912},{"kind":"compile","output":"module.nuitka.plugins.standard.GlfwPlugin.o","ms":3062},{"kind":"compile","output":"module.nuitka.plugins.standard.ImplicitImports.o","ms":7139},{"kind":"compile","output":"module.nuitka.plugins.standard.KivyPlugin.o","ms":3196},{"kind":"compile","output":"module.nuitka.plugins.standard.MatplotlibPlugin.o","ms":3083},{"kind":"compile","output":"module.nuitka.plugins.standard.MultiprocessingPlugin.o","ms":2913},{"kind":"compile","output":"module.nuitka.plugins.standard.NumpyPlugin.o","ms":2604},{"kind":"compile","output":"module.nuitka.plugins.standard.OptionsNannyPlugin.o","ms":3112},{"kind":"compile","output":"module.nuitka.plugins.standard.PbrPlugin.o","ms":2656},{"kind":"compile","output":"module.nuitka.plugins.standard.PkgResourcesPlugin.o","ms":2951},{"kind":"compile","output":"module.nuitka.plugins.standard.PmwPlugin.o","ms":3225},{"kind":"compile","output":"module.nuitka.plugins.standard.PySidePyQtPlugin.o","ms":10118},{"kind":"compile","output":"module.nuitka.plugins.standard.PywebViewPlugin.o","ms":2857},{"kind":"compile","output":"module.nuitka.plugins.standard.TensorflowPlugin.o","ms":2675},{"kind":"compile","output":"module.nuitka.plugins.standard.TkinterPlugin.o","ms":4049},{"kind":"compile","output":"module.nuitka.plugins.standard.TorchPlugin.o","ms":2619},{"kind":"compile","output":"module.nuitka.plugins.standard.TransformersPlugin.o","ms":2732},{"kind":"compile","output":"module.nuitka.plugins.standard.TrioPlugin.o","ms":2746},{"kind":"compile","output":"module.nuitka.plugins.standard.UpxPlugin.o","ms":3062},{"kind":"compile","output":"module.nuitka.plugins.standard.o","ms":2599},{"kind":"compile","output":"module.nuitka.reports.CompilationReportReader.o","ms":2809},{"kind":"compile","output":"module.nuitka.reports.Reports.o","ms":8091},{"kind":"compile","output":"module.nuitka.reports.o","ms":2620},{"kind":"compile","output":"module.nuitka.specs.BuiltinBytesOperationSpecs.o","ms":2843},{"kind":"compile","output":"module.nuitka.specs.BuiltinDictOperationSpecs.o","ms":2730},{"kind":"compile","output":"module.nuitka.specs.BuiltinListOperationSpecs.o","ms":2778},{"kind":"compile","output":"module.nuitka.specs.BuiltinParameterSpecs.o","ms":5481},{"kind":"compile","output":"module.nuitka.specs.BuiltinStrOperationSpecs.o","ms":2791},{"kind":"compile","output":"module.nuitka.specs.BuiltinTypeOperationSpecs.o","ms":2584},{"kind":"compile","output":"module.nuitka.specs.BuiltinUnicodeOperationSpecs.o","ms":2850},{"kind":"compile","output":"module.nuitka.specs.HardImportSpecs.o","ms":2615},{"kind":"compile","output":"module.nuitka.specs.ParameterSpecs.o","ms":4902},{"kind":"compile","output":"module.nuitka.specs.o","ms":3159},{"kind":"compile","output":"module.nuitka.tools.Basics.o","ms":2671},{"kind":"compile","output":"module.nuitka.tools.o","ms":2639},{"kind":"compile","output":"module.nuitka.tools.data_composer.DataComposer.o","ms":9264},{"kind":"compile","output":"module.nuitka.tools.data_composer.__main__.o","ms":5110},{"kind":"compile","output":"module.nuitka.tools.data_composer.o","ms":3237},{"kind":"compile","output":"module.nuitka.tools.environments.CreateEnvironment.o","ms":4194},{"kind":"compile","output":"module.nuitka.tools.environments.Virtualenv.o","ms":3154},{"kind":"compile","output":"module.nuitka.tools.environments.o","ms":2528},{"kind":"compile","output":"module.nuitka.tools.general.o","ms":2520},{"kind":"compile","output":"module.nuitka.tools.general.dll_report.__main__.o","ms":2760},{"kind":"compile","output":"module.nuitka.tools.general.dll_report.o","ms":2555},{"kind":"compile","output":"module.nuitka.tools.general.find_module.FindModuleCode.o","ms":2795},{"kind":"compile","output":"module.nuitka.tools.general.find_module.o","ms":2539},{"kind":"compile","output":"module.nuitka.tools.onefile_compressor.OnefileCompressor.o","ms":3962},{"kind":"compile","output":"module.nuitka.tools.onefile_compressor.__main__.o","ms":2502},{"kind":"compile","output":"module.nuitka.tools.onefile_compressor.o","ms":2538},{"kind":"compile","output":"module.nuitka.tools.scanning.DisplayPackageDLLs.o","ms":2959},{"kind":"compile","output":"module.nuitka.tools.scanning.DisplayPackageData.o","ms":2714},{"kind":"compile","output":"module.nuitka.tools.scanning.o","ms":2544},{"kind":"compile","output":"module.nuitka.tree.Building.o","ms":7424},{"kind":"compile","output":"module.nuitka.tree.ComplexCallHelperFunctions.o","ms":7474},{"kind":"compile","output":"module.nuitka.tree.Extractions.o","ms":2658},{"kind":"compile","output":"module.nuitka.tree.InternalModule.o","ms":2686},{"kind":"compile","output":"module.nuitka.tree.Operations.o","ms":2672},{"kind":"compile","output":"module.nuitka.tree.ReformulationAssertStatements.o","ms":2595},{"kind":"compile","output":"module.nuitka.tree.ReformulationAssignmentStatements.o","ms":5960},{"kind":"compile","output":"module.nuitka.tree.ReformulationBooleanExpressions.o","ms":2783},{"kind":"compile","output":"module.nuitka.tree.ReformulationCallExpressions.o","ms":3303},{"kind":"compile","output":"module.nuitka.tree.ReformulationClasses.o","ms":3355},{"kind":"compile","output":"module.nuitka.tree.ReformulationClasses3.o","ms":5685},{"kind":"compile","output":"module.nuitka.tree.ReformulationComparisonExpressions.o","ms":3209},{"kind":"compile","output":"module.nuitka.tree.ReformulationContractionExpressions.o","ms":4010},{"kind":"compile","output":"module.nuitka.tree.ReformulationDictionaryCreation.o","ms":3279},{"kind":"compile","output":"module.nuitka.tree.ReformulationExecStatements.o","ms":3070},{"kind":"compile","output":"module.nuitka.tree.ReformulationForLoopStatements.o","ms":2823},{"kind":"compile","output":"module.nuitka.tree.ReformulationFunctionStatements.o","ms":6463},{"kind":"compile","output":"module.nuitka.tree.ReformulationImportStatements.o","ms":7456},{"kind":"compile","output":"module.nuitka.tree.ReformulationLambdaExpressions.o","ms":3931},{"kind":"compile","output":"module.nuitka.tree.ReformulationMatchStatements.o","ms":6423},{"kind":"compile","output":"module.nuitka.tree.ReformulationMultidist.o","ms":3915},{"kind":"compile","output":"module.nuitka.tree.ReformulationNamespacePackages.o","ms":3823},{"kind":"compile","output":"module.nuitka.tree.ReformulationPrintStatements.o","ms":2778},{"kind":"compile","output":"module.nuitka.tree.ReformulationSequenceCreation.o","ms":6912},{"kind":"compile","output":"module.nuitka.tree.ReformulationSubscriptExpressions.o","ms":4628},{"kind":"compile","output":"module.nuitka.tree.ReformulationTryExceptStatements.o","ms":6470},{"kind":"compile","output":"module.nuitka.tree.ReformulationTryFinallyStatements.o","ms":6223},{"kind":"compile","output":"module.nuitka.tree.ReformulationWhileLoopStatements.o","ms":5526},{"kind":"compile","output":"module.nuitka.tree.ReformulationWithStatements.o","ms":7032},{"kind":"compile","output":"module.nuitka.tree.ReformulationYieldExpressions.o","ms":5701},{"kind":"compile","output":"module.nuitka.tree.SourceHandling.o","ms":8139},{"kind":"compile","output":"module.nuitka.tree.SyntaxErrors.o","ms":5727},{"kind":"compile","output":"module.nuitka.tree.TreeHelpers.o","ms":10961},{"kind":"compile","output":"module.nuitka.tree.VariableClosure.o","ms":8333},{"kind":"compile","output":"module.nuitka.tree.o","ms":5185},{"kind":"compile","output":"module.nuitka.utils.AppDirs.o","ms":5529},{"kind":"compile","output":"module.nuitka.utils.CStrings.o","ms":6250},{"kind":"compile","output":"module.nuitka.utils.CommandLineOptions.o","ms":6603},{"kind":"compile","output":"module.nuitka.utils.Distributions.o","ms":8822},{"kind":"compile","output":"module.nuitka.utils.Download.o","ms":6160},{"kind":"compile","output":"module.nuitka.utils.Execution.o","ms":9255},{"kind":"compile","output":"module.nuitka.utils.FileOperations.o","ms":18619},{"kind":"compile","output":"module.nuitka.utils.Hashing.o","ms":6654},{"kind":"compile","output":"module.nuitka.utils.Images.o","ms":5554},{"kind":"compile","output":"module.nuitka.utils.Importing.o","ms":4360},{"kind":"compile","output":"module.nuitka.utils.InstalledPythons.o","ms":7143},{"kind":"compile","output":"module.nuitka.utils.InstanceCounters.o","ms":4416},{"kind":"compile","output":"module.nuitka.utils.Jinja2.o","ms":5621},{"kind":"compile","output":"module.nuitka.utils.Json.o","ms":4054},{"kind":"compile","output":"module.nuitka.utils.MacOSApp.o","ms":3009},{"kind":"compile","output":"module.nuitka.utils.MemoryUsage.o","ms":3306},{"kind":"compile","output":"module.nuitka.utils.ModuleNames.o","ms":3895},{"kind":"compile","output":"module.nuitka.utils.ReExecute.o","ms":2933},{"kind":"compile","output":"module.nuitka.utils.Rest.o","ms":2799},{"kind":"compile","output":"module.nuitka.utils.SharedLibraries.o","ms":6176},{"kind":"compile","output":"module.nuitka.utils.Shebang.o","ms":2705},{"kind":"compile","output":"module.nuitka.utils.Signing.o","ms":2869},{"kind":"compile","output":"module.nuitka.utils.SlotMetaClasses.o","ms":2718},{"kind":"compile","output":"module.nuitka.utils.StaticLibraries.o","ms":3249},{"kind":"compile","output":"module.nuitka.utils.ThreadedExecutor.o","ms":2948},{"kind":"compile","output":"module.nuitka.utils.Timing.o","ms":2903},{"kind":"compile","output":"module.nuitka.utils.Utils.o","ms":4158},{"kind":"compile","output":"module.nuitka.utils.WindowsFileUsage.o","ms":4330},{"kind":"compile","output":"module.nuitka.utils.WindowsResources.o","ms":5308},{"kind":"compile","output":"module.nuitka.utils.Yaml.o","ms":3511},{"kind":"compile","output":"module.nuitka.utils.o","ms":2633},{"kind":"compile","output":"module.nuitka.utils.wasi_sdk.o","ms":3121},{"kind":"compile","output":"static_src/MainProgram.o","ms":2555},{"kind":"compile","output":"static_src/CompiledFunctionType.o","ms":42789},{"kind":"link","output":"/work/selfc4/out/main.dist/main.bin","ms":265249}]}
7dbc19d5af5ae27cbde8c9280f9171c4bcf728728c4c1f0cc5d9cc0658a42f62  /home/ubuntu/work/selfc4.wasm

real	70m9.362s
user	92m7.808s
sys	7m52.554s
