serving /home/ubuntu/repos/mathcompile-wasm-lab/web on http://localhost:8643
[worker] http://localhost:8643/compiler-worker.mjs
assets: 8/8 files, 289.2 MB — ready in 1.2 s 1269ms
network: OFFLINE (server process killed, context offline)
python_basics.py compile status: compiled in 197.3 s, 26.5 MB Wasm 198104ms
[worker] http://localhost:8643/run-worker.mjs
python_basics.py status: exit 0; first run 0.12 s
sympy_algebra.py compile status: compiled in 136.7 s, 25.0 MB Wasm 137062ms
[worker] http://localhost:8643/run-worker.mjs
sympy_algebra.py status: exit 0; first run 0.80 s
sympy_calculus.py compile status: compiled in 138.6 s, 25.0 MB Wasm 139062ms
[worker] http://localhost:8643/run-worker.mjs
sympy_calculus.py status: exit 0; first run 1.57 s
sympy_matrix_assume.py compile status: compiled in 154.7 s, 25.0 MB Wasm 155080ms
[worker] http://localhost:8643/run-worker.mjs
sympy_matrix_assume.py status: exit 0; first run 0.89 s
errors.py compile status: compiled in 172.8 s, 25.0 MB Wasm 173079ms
[worker] http://localhost:8643/run-worker.mjs
errors.py status: exit 1; first run 0.52 s
recursion_limit.py compile status: compiled in 145.2 s, 24.9 MB Wasm 146076ms
[worker] http://localhost:8643/run-worker.mjs
recursion_limit.py status: trap: RangeError: Maximum call stack size exceeded (native stack exhausted: Nuitka-compiled Python calls are not bounded by sys.getrecursionlimit(); native Nuitka 2.6.3 segfaults on the same program, see results/native-nuitka-recursion)
== python_basics.py exit 0
fib100: 354224848179261915075
primes<50: [2, 3, 5, 7, 11, 13, 17, 19, 23, 29, 31, 37, 41, 43, 47]
prime_count_1e5: 9592
counter: 16
vec: Vec(4, 6)
gen: 111277611
comb: [('a', 'b'), ('a', 'c'), ('a', 'd')]
counter_mc: [('i', 4), ('s', 4)]
json: {"a": true, "b": [1, 2.5, null]}
fraction: 1/2
partitions100: 190569292
factorial50: 30414093201713378043612608166064768844377641568960512000000000000
bigpow: 6864797660130609714981900799081393217269435300143305409394463459185543183397656052122559640661454554977296311391480858037121987999716643812574028291115057151
bigdivmod: (810000007290000124740001, 8084321211185440)
modpow: 259616729
negfloor: -4 1 2 4
risky: 4
finally: 16
caught: AppError negative: -3
finally: -3
chained: ValueError('wrapped') ZeroDivisionError
int_error: invalid literal for int() with base 10: '12x'

== sympy_algebra.py exit 0
expand_cube: x**3 + 3*x**2*y + 3*x*y**2 + y**3
expand_mixed: x**3 + x**2 - 3*x*y**2 + 2*x*y - 2*y**3 + y**2
factor_diff4: (x - y)*(x + y)*(x**2 + y**2)
factor_poly: (x - 3)*(x - 2)*(x - 1)
factor_gauss: (x - I)*(x + I)
factor_sqrt2: (x - sqrt(2))*(x + sqrt(2))
simplify_trig: 1
simplify_rat: x + 1
simplify_exp: E
trigsimp: sin(2*x)
expand_trig: (2*cos(x)**2 - 1)*sin(y) + 2*sin(x)*cos(x)*cos(y)
cancel: (x**2 + x + 1)/(x + 1)
apart: 1/(2*(x + 2)) - 1/(x + 1) + 1/(2*x)
together: (x + y)/(x*y)
radsimp: -1 + sqrt(2)
rational: 3/14
nsimplify: 1/8 sqrt(2)
gcd: x - 1
poly_div: (Poly(x**2 + x + 3, x, domain='ZZ'), Poly(4, x, domain='ZZ'))
log_expand: log(x) + log(y)
pi_digits: 3.141592653589793238462643383279502884197

== sympy_calculus.py exit 0
diff_prod: x**3*cos(x) + 3*x**2*sin(x)
diff_chain: (2*(2*x**2 + 1)*log(x) + 4 - 1/x**2)*exp(x**2)
diff_partial: 6*x*y**2
int_poly: x**3 + x**2
int_def: 1
int_gauss: sqrt(pi)
int_trig: -sin(6)*cos(6)/2 + 3
limit_sinc: 1
limit_e: E
series_exp: 1 + x + x**2/2 + x**3/6 + x**4/24 + x**5/120 + O(x**6)
solve_quad: [1, 2]
solve_cubic: [2**(1/3), -2**(1/3)/2 - 2**(1/3)*sqrt(3)*I/2, -2**(1/3)/2 + 2**(1/3)*sqrt(3)*I/2]
solve_sys: [{x: 2, y: 1}]
solveset_real: EmptySet
solveset_cplx: {-I, I}
solveset_sin: Union(ImageSet(Lambda(_n, 2*_n*pi + pi), Integers), ImageSet(Lambda(_n, 2*_n*pi), Integers))
linsolve: {(1, 2)}
roots: {1: 3}
dsolve: Eq(f(x), C1*sin(x) + C2*cos(x))
sum_squares: 338350
sum_basel: pi**2/6
sum_exp: E
rational_int: pi/4

== sympy_matrix_assume.py exit 0
det: -3
inv: Matrix([[-2/3, -4/3, 1], [-2/3, 11/3, -2], [1, -2, 1]])
eigen: {5/2 - sqrt(5)/2: 1, sqrt(5)/2 + 5/2: 1}
charpoly: x**2 - 5*x + 5
rref: (Matrix([
[1, 0, 1],
[0, 1, 1],
[0, 0, 0]]), (0, 1))
nullspace: [Matrix([
[-2],
[ 1],
[ 0]]), Matrix([
[-3],
[ 0],
[ 1]])]
matpow: 832040
symbolic_det: (x - y)*(x + y)
solve_lin: Matrix([[-1/3, 2/3, 0]])
eye_trace: 12
sqrt_pos: p sqrt_gen: sqrt(x**2)
abs_real: r**2 abs_pos: p
ask_pos: True None True
refine: -x
cos_int: 1 k 1
log_pos: r log(exp(x))
re_im: r im(x) r
dom_interval: Interval.open(-2, 2)
dom_ints: EmptySet
dom_interval2: EmptySet
poly_ZZ: (1, [(Poly(x + 1, x, domain='ZZ'), 2)])
poly_QQ: QQ QQ
factor_mod: (x + 1)**4
gf: 1 mod 7
mp_pi: 3.1415926535897932384626433832795028841971693993751
mp_quad: 1.7724538509055160272981674833411451827975494561224
mp_zeta: 1.2020569031595942853997381615114499907649862923405

== errors.py exit 1
div_zero_sympy: ok: zoo
div_zero_int: error: ZeroDivisionError integer division or modulo by zero
oo_minus_oo: ok: nan
singular_inv: error: NonInvertibleMatrixError Matrix det == 0; not invertible.
shape_mismatch: error: ShapeError Matrix size mismatch: (1, 2) * (1, 2).
sympify_bad: error: SympifyError Sympify of expression 'could not parse 'x +* 2'' failed, because of exception being raised:
rational_zero_den: ok: zoo
index_error: error: IndexError list index out of range
type_error: error: TypeError cannot add <class 'sympy.matrices.dense.MutableDenseMatrix'> and <class 'str'>
attr_error: error: AttributeError 'Symbol' object has no attribute 'not_an_attribute'
after_errors: 2*sqrt(2)

== recursion_limit.py exit null
bounded depth 900: 900

server requests after offline: []
